// Jest Snapshot v1, https://goo.gl/fbAQLP

exports[`Components - Modal should match snapshot 1`] = `
<div
  className="Modal"
  data-testid="modal"
>
  <div
    className="Modal_wrapper"
  >
    <button
      className="Modal_close"
      onClick={[MockFunction]}
      type="button"
    >
      X
    </button>
    <div>
      Forms
    </div>
  </div>
</div>
`;
