// Jest Snapshot v1, https://goo.gl/fbAQLP

exports[`Components - Button should match snapshot 1`] = `
<button
  className="Button Button--default"
  disabled={false}
  onClick={[Function]}
  type="button"
>
  <span
    className="Button_text"
  >
    Click me!
  </span>
</button>
`;
