// Jest Snapshot v1, https://goo.gl/fbAQLP

exports[`Components - Logo should match snapshot 1`] = `
<p
  className="Logo"
>
  <b>
    netflix
  </b>
  roulette
</p>
`;
